[backblue.gif]
[index.html]
[www.npc.edu.hk/staff/_ngtungying/english_grammar/contents.htm]
[www.npc.edu.hk/staff/_ngtungying/english_grammar/images/banner_contents.jpg]
[www.npc.edu.hk/staff/_ngtungying/english_grammar/lessons/lesson01.htm]
[www.npc.edu.hk/staff/_ngtungying/english_grammar/lessons/lesson02.htm]
[www.npc.edu.hk/staff/_ngtungying/english_grammar/lessons/lesson03.htm]
[www.npc.edu.hk/staff/_ngtungying/english_grammar/lessons/lesson04.htm]
[www.npc.edu.hk/staff/_ngtungying/english_grammar/lessons/lesson05.htm]
[www.npc.edu.hk/staff/_ngtungying/english_grammar/lessons/lesson06.htm]
[www.npc.edu.hk/staff/_ngtungying/english_grammar/lessons/lesson07.htm]
[www.npc.edu.hk/staff/_ngtungying/english_grammar/lessons/lesson08.htm]
[www.npc.edu.hk/staff/_ngtungying/english_grammar/lessons/lesson09.htm]
[www.npc.edu.hk/staff/_ngtungying/english_grammar/lessons/lesson10.htm]
[www.npc.edu.hk/staff/_ngtungying/english_grammar/lessons/lesson11.htm]
[www.npc.edu.hk/staff/_ngtungying/english_grammar/lessons/lesson12.htm]
[www.npc.edu.hk/staff/_ngtungying/english_grammar/lessons/lesson13.htm]
[www.npc.edu.hk/staff/_ngtungying/english_grammar/lessons/lesson14.htm]
[www.npc.edu.hk/staff/_ngtungying/english_grammar/lessons/lesson15.htm]
[www.npc.edu.hk/staff/_ngtungying/english_grammar/lessons/lesson16.htm]
[www.npc.edu.hk/staff/_ngtungying/english_grammar/lessons/lesson17.htm]
[www.npc.edu.hk/staff/_ngtungying/english_grammar/lessons/lesson18.htm]
[www.npc.edu.hk/staff/_ngtungying/english_grammar/lessons/lesson19.htm]
[www.npc.edu.hk/staff/_ngtungying/english_grammar/lessons/lesson20.htm]
[www.npc.edu.hk/staff/_ngtungying/english_grammar/lessons/lesson21.htm]
[www.npc.edu.hk/staff/_ngtungying/english_grammar/lessons/lesson22.htm]
[www.npc.edu.hk/staff/_ngtungying/english_grammar/lessons/lesson23.htm]
[www.npc.edu.hk/staff/_ngtungying/english_grammar/lessons/lesson24.htm]
[www.npc.edu.hk/staff/_ngtungying/english_grammar/lessons/lesson25.htm]
[www.npc.edu.hk/staff/_ngtungying/english_grammar/lessons/lesson26.htm]
[www.npc.edu.hk/staff/_ngtungying/english_grammar/lessons/lesson27.htm]
[www.npc.edu.hk/staff/_ngtungying/english_grammar/lessons/lesson28.htm]
[www.npc.edu.hk/staff/_ngtungying/english_grammar/lessons/lesson29.htm]
[www.npc.edu.hk/staff/_ngtungying/english_grammar/lessons/lesson30.htm]
[www.npc.edu.hk/staff/_ngtungying/english_grammar/lessons/lesson31.htm]
[www.npc.edu.hk/staff/_ngtungying/english_grammar/lessons/lesson32.htm]
[www.npc.edu.hk/staff/_ngtungying/english_grammar/lessons/lesson33.htm]
[www.npc.edu.hk/staff/_ngtungying/english_grammar/lessons/lesson34.htm]
[www.npc.edu.hk/staff/_ngtungying/english_grammar/lessons/lesson35.htm]
[www.npc.edu.hk/staff/_ngtungying/english_grammar/lessons/lesson36.htm]
[www.npc.edu.hk/staff/_ngtungying/english_grammar/lessons/lesson37.htm]
[www.npc.edu.hk/staff/_ngtungying/english_grammar/lessons/lesson38.htm]
[www.npc.edu.hk/staff/_ngtungying/english_grammar/lessons/lesson39.htm]
[www.npc.edu.hk/staff/_ngtungying/english_grammar/lessons/lesson40.htm]
[www.npc.edu.hk/staff/_ngtungying/english_grammar/images/logo_lesson.jpg]
[www.npc.edu.hk/staff/_ngtungying/english_grammar/images/button_answers.jpg]
[www.npc.edu.hk/staff/_ngtungying/english_grammar/lessons/transparent.gif]
[www.npc.edu.hk/staff/_ngtungying/english_grammar/images/Arrow1.jpg]
[www.npc.edu.hk/staff/_ngtungying/english_grammar/lessons/lesson41.htm]
[www.npc.edu.hk/staff/_ngtungying/english_grammar/lessons/lesson42.htm]
[www.npc.edu.hk/staff/_ngtungying/english_grammar/lessons/lesson43.htm]
[www.npc.edu.hk/staff/_ngtungying/english_grammar/lessons/lesson44.htm]
[www.npc.edu.hk/staff/_ngtungying/english_grammar/lessons/lesson45.htm]
[www.npc.edu.hk/staff/_ngtungying/english_grammar/lessons/lesson46.htm]
[www.npc.edu.hk/staff/_ngtungying/english_grammar/lessons/lesson47.htm]
[www.npc.edu.hk/staff/_ngtungying/english_grammar/lessons/lesson48.htm]
[www.npc.edu.hk/staff/_ngtungying/english_grammar/lessons/lesson49.htm]
[www.npc.edu.hk/staff/_ngtungying/english_grammar/lessons/lesson50.htm]
[www.npc.edu.hk/staff/_ngtungying/english_grammar/images/Arrow2.jpg]
[www.npc.edu.hk/staff/_ngtungying/english_grammar/transparent.gif]
[www.npc.edu.hk/staff/_ngtungying/transparent.gif]
[www.npc.edu.hk/staff/_ngtungying/english_grammar/answers/answer01.htm]
[www.npc.edu.hk/staff/_ngtungying/english_grammar/answers/answer02.htm]
[www.npc.edu.hk/staff/_ngtungying/english_grammar/answers/answer03.htm]
[www.npc.edu.hk/staff/_ngtungying/english_grammar/answers/answer04.htm]
[www.npc.edu.hk/staff/_ngtungying/english_grammar/answers/answer05.htm]
[www.npc.edu.hk/staff/_ngtungying/english_grammar/answers/answer06.htm]
[www.npc.edu.hk/staff/_ngtungying/english_grammar/answers/answer07.htm]
[www.npc.edu.hk/staff/_ngtungying/english_grammar/answers/answer08.htm]
[www.npc.edu.hk/staff/_ngtungying/english_grammar/answers/answer09.htm]
[www.npc.edu.hk/staff/_ngtungying/english_grammar/answers/answer10.htm]
[www.npc.edu.hk/staff/_ngtungying/english_grammar/answers/answer11.htm]
[www.npc.edu.hk/staff/_ngtungying/english_grammar/answers/answer12.htm]
[www.npc.edu.hk/staff/_ngtungying/english_grammar/answers/answer13.htm]
[www.npc.edu.hk/staff/_ngtungying/english_grammar/answers/answer14.htm]
[www.npc.edu.hk/staff/_ngtungying/english_grammar/answers/answer15.htm]
[www.npc.edu.hk/staff/_ngtungying/english_grammar/answers/answer16.htm]
[www.npc.edu.hk/staff/_ngtungying/english_grammar/answers/answer17.htm]
[www.npc.edu.hk/staff/_ngtungying/english_grammar/answers/answer18.htm]
[www.npc.edu.hk/staff/_ngtungying/english_grammar/answers/answer19.htm]
[www.npc.edu.hk/staff/_ngtungying/english_grammar/answers/answer20.htm]
[www.npc.edu.hk/staff/_ngtungying/english_grammar/answers/answer21.htm]
[www.npc.edu.hk/staff/_ngtungying/english_grammar/answers/answer22.htm]
[www.npc.edu.hk/staff/_ngtungying/english_grammar/answers/answer23.htm]
[www.npc.edu.hk/staff/_ngtungying/english_grammar/answers/answer24.htm]
[www.npc.edu.hk/staff/_ngtungying/english_grammar/answers/answer25.htm]
[www.npc.edu.hk/staff/_ngtungying/english_grammar/answers/answer26.htm]
[www.npc.edu.hk/staff/_ngtungying/english_grammar/answers/answer27.htm]
[www.npc.edu.hk/staff/_ngtungying/english_grammar/answers/answer28.htm]
[www.npc.edu.hk/staff/_ngtungying/english_grammar/answers/answer30.htm]
[www.npc.edu.hk/staff/_ngtungying/english_grammar/answers/answer31.htm]
[www.npc.edu.hk/staff/_ngtungying/english_grammar/answers/answer32.htm]
[www.npc.edu.hk/staff/_ngtungying/english_grammar/answers/answer33.htm]
[www.npc.edu.hk/staff/_ngtungying/english_grammar/answers/answer34.htm]
[www.npc.edu.hk/staff/_ngtungying/english_grammar/answers/answer35.htm]
[www.npc.edu.hk/staff/_ngtungying/english_grammar/answers/answer36.htm]
[www.npc.edu.hk/staff/_ngtungying/english_grammar/answers/answer37.htm]
[www.npc.edu.hk/staff/_ngtungying/english_grammar/answers/answer38.htm]
[www.npc.edu.hk/staff/_ngtungying/english_grammar/answers/answer39.htm]
[www.npc.edu.hk/staff/_ngtungying/english_grammar/answers/answer40.htm]
[www.npc.edu.hk/staff/_ngtungying/english_grammar/answers/answer41.htm]
[www.npc.edu.hk/staff/_ngtungying/english_grammar/answers/answer42.htm]
[www.npc.edu.hk/staff/_ngtungying/english_grammar/answers/answer43.htm]
[www.npc.edu.hk/staff/_ngtungying/english_grammar/answers/answer44.htm]
[www.npc.edu.hk/staff/_ngtungying/english_grammar/answers/answer45.htm]
[www.npc.edu.hk/staff/_ngtungying/english_grammar/answers/answer46.htm]
[www.npc.edu.hk/staff/_ngtungying/english_grammar/answers/answer47.htm]
[www.npc.edu.hk/staff/_ngtungying/english_grammar/answers/answer48.htm]
[www.npc.edu.hk/staff/_ngtungying/english_grammar/answers/answer49.htm]
[www.npc.edu.hk/staff/_ngtungying/english_grammar/answers/answer50.htm]
